// Jest Snapshot v1, https://goo.gl/fbAQLP

exports[`Button component mounts properly 1`] = `<button type="button" class="focus:outline-none rounded-sm hover:bg-emerald-light px-4 py-5 w-full text-white text-xl bg-emerald"><span>Register</span></button>`;
